./test_script.sh: line 6: ./my_server: No such file or directory
